<!DOCTYPE html>
<html>
	<head>
		<title>DOM TEST</title>
	</head>
	<body>

		<div class="read">
			<div class="classy"><span>i'm classy</span></div>
			<div>i'm not</div>
			<div id="idface">i have an id</div>
			<div>i don't</div>
			<div id="attrtest" monkeys="true" victory="atSea">
			</div>
		</div>

		<div class="write">
			
			<div id="after">append something after me<a href="blah"></a></div>
			<div id="before"><a href="zappo"></a>prepend something before me</div>
		</div>

		<div class="attr">
			<div id="1" class="test test2"></div>
			<div id="2" class="toast"></div>
			<div id="3" class=""></div>
			<div id="4" data-test="testFace"></div>
		</div>

	</body>
</html>
